E/AndroidRuntime(  624): 	at android.os.storage.StorageManager.getVolumeState(StorageManager.java:538)
E/AndroidRuntime(  624): 	at com.android.providers.media.MtpService.onCreate(MtpService.java:116)
E/AndroidRuntime(  624): 	at android.app.ActivityThread.handleCreateService(ActivityThread.java:2376)
E/AndroidRuntime(  624): 	... 10 more
E/wpa_supplicant(  564): Could not read interface wlan0 flags: No such device
D/dalvikvm(  437): GC_FOR_ALLOC freed 361K, 51% free 6089K/12288K, paused 27ms
I/Adreno200-EGLSUB(  225): <CreateImage:893>: Android Image
I/Adreno200-EGLSUB(  225): <GetImageAttributes:1102>: RGBA_8888
I/ActivityThread(  663): Pub mms: com.android.providers.telephony.MmsProvider
I/Adreno200-EGLSUB(  225): <CreateImage:893>: Android Image
I/Adreno200-EGLSUB(  225): <GetImageAttributes:1102>: RGBA_8888
E/wpa_supplicant(  564): Could not read interface wlan0 flags: No such device
I/PowerWidget(  579): Clearing any old widget stuffs
I/PowerWidget(  579): Setting up widget
I/PowerWidget(  579): Default buttons being loaded
I/PowerWidget(  579): Button list: toggleWifi|toggleBluetooth|toggleGPS|toggleSound
I/ActivityThread(  663): Pub sms: com.android.providers.telephony.SmsProvider
I/StatusBarManagerService(  437): registerStatusBar bar=com.android.internal.statusbar.IStatusBar$Stub$Proxy@40f2d7e8
W/GpsLocationProvider(  437): Failed to enable location provider
D/PhoneStatusBar(  579): disable: < expand icons alerts ticker system_info BACK* HOME* RECENT* CLOCK* >
I/ActivityThread(  663): Pub telephony: com.android.providers.telephony.TelephonyProvider
I/ActivityManager(  437): Start proc com.android.contacts for broadcast com.android.contacts/.calllog.CallLogReceiver: pid=704 uid=10001 gids={3003, 1015}
W/TelephonyProvider(  663): onCreate: confFile=/system/etc/apns-conf.xml oldCheckSum=-1
I/Adreno200-EGLSUB(  225): <CreateImage:893>: Android Image
I/Adreno200-EGLSUB(  225): <GetImageAttributes:1102>: RGBA_8888
I/ActivityThread(  674): Pub com.cyanogenmod.trebuchet.settings: com.cyanogenmod.trebuchet.LauncherProvider
I/ActivityThread(  663): Pub icc: com.android.phone.IccProvider
I/ActivityThread(  663): Pub mms-sms: com.android.providers.telephony.MmsSmsProvider
D/PowerManagerService(  437): bootCompleted
V/DevicePolicyManagerService(  437): Sending password expiration notifications for action android.intent.action.BOOT_COMPLETED
E/wpa_supplicant(  564): Could not read interface wlan0 flags: No such device
I/SearchManagerService(  437): Building list of searchable activities
E/OMXCodec(  228): Attempting to allocate OMX node 'OMX.google.vorbis.decoder'
E/OMXCodec(  228): Successfully allocated OMX node 'OMX.google.vorbis.decoder'
E/AwesomePlayer(  228): AudioPlayer created, Non-LPA mode mime audio/vorbis duration 74988
E/ActivityThread(  639): Failed to find provider info for com.android.inputmethod.latin.dictionarypack
V/WiredAccessoryObserver(  437): init()
E/BinaryDictionaryGetter(  639): Could not find a dictionary pack
I/ActivityManager(  437): Start proc android.process.acore for content provider com.android.providers.userdictionary/.UserDictionaryProvider: pid=731 uid=10001 gids={3003, 1015}
W/WiredAccessoryObserver(  437): This kernel does not have wired headset support
E/wpa_supplicant(  564): Could not read interface wlan0 flags: No such device
E/wpa_supplicant(  564): nl80211: Could not set interface 'wlan0' UP
E/wpa_supplicant(  564): wlan0: Failed to initialize driver interface
W/MountService(  437): getVolumeState(/mnt/sdcard): Unknown volume
D/StorageNotification(  579): Startup with UMS connection false (media state removed)
V/AudioManager(  579): shouldVibrate, group: a126d48a-aaef-47c4-baed-7f0e44aeffe5 mode: DEFAULT
W/MountService(  437): getVolumeState(/mnt/sdcard): Unknown volume
I/StorageNotification(  579): UMS connection changed to false (media state removed)
D/SystemUIService(  579): loading: class com.android.systemui.power.PowerUI
D/SystemUIService(  579): running: com.android.systemui.power.PowerUI@41163370
E/OMXCodec(  228): Attempting to allocate OMX node 'OMX.google.vorbis.decoder'
E/OMXCodec(  228): Successfully allocated OMX node 'OMX.google.vorbis.decoder'
E/AwesomePlayer(  228): AudioPlayer created, Non-LPA mode mime audio/vorbis duration 108140
I/ActivityManager(  437): Start proc com.android.smspush for service com.android.smspush/.WapPushManager: pid=759 uid=10043 gids={}
E/OMXCodec(  228): Attempting to allocate OMX node 'OMX.google.vorbis.decoder'
E/OMXCodec(  228): Successfully allocated OMX node 'OMX.google.vorbis.decoder'
E/AwesomePlayer(  228): AudioPlayer created, Non-LPA mode mime audio/vorbis duration 108140
D/        (  663): [ApnContext] set reason as dataEnabled, for type default,current state IDLE
D/        (  663): [ApnContext] set reason as dataEnabled, for type mms,current state IDLE
D/        (  663): [ApnContext] set reason as dataEnabled, for type supl,current state IDLE
D/        (  663): [ApnContext] set reason as dataEnabled, for type dun,current state IDLE
D/        (  663): [ApnContext] set reason as dataEnabled, for type hipri,current state IDLE
I/AccountTypeManager(  704): Loaded meta-data for 1 account types, 0 accounts in 32ms(wall) 7ms(cpu)
D/WifiService(  437): New client listening to asynchronous messages
I/ActivityThread(  731): Pub com.android.voicemail: com.android.providers.contacts.VoicemailContentProvider
D/CAT     (  663): CatService: Running CAT service. STK app installed:true
D/CAT     (  663): CatService: NEW sInstance
D/CallManager(  663): registerPhone(GSM Handler (com.android.internal.telephony.PhoneProxy) {40eaac78})
D/dalvikvm(  437): GC_CONCURRENT freed 1171K, 46% free 6726K/12288K, paused 2ms+8ms
I/ActivityThread(  731): Pub com.android.social: com.android.providers.contacts.SocialProvider
I/ActivityThread(  731): Pub applications: com.android.providers.applications.ApplicationsProvider
I/Process (  437): Sending signal. PID: 674 SIG: 3
I/dalvikvm(  674): threadid=3: reacting to signal 3
E/OMXCodec(  228): Attempting to allocate OMX node 'OMX.google.vorbis.decoder'
E/OMXCodec(  228): Successfully allocated OMX node 'OMX.google.vorbis.decoder'
I/dalvikvm(  674): Wrote stack traces to '/data/anr/traces.txt'
E/AwesomePlayer(  228): AudioPlayer created, Non-LPA mode mime audio/vorbis duration 108140
D/dalvikvm(  437): GC_EXPLICIT freed 39K, 46% free 6709K/12288K, paused 2ms+8ms
W/ActivityManager(  437): Unable to start service Intent { act=com.android.ussd.IExtendedNetworkService }: not found
I/ActivityThread(  731): Pub contacts;com.android.contacts: com.android.providers.contacts.ContactsProvider2
I/Adreno200-EGLSUB(  437): <ConfigWindowMatch:2078>: Format RGBA_8888.
I/Adreno200-EGLSUB(  225): <CreateImage:893>: Android Image
I/Adreno200-EGLSUB(  225): <GetImageAttributes:1102>: RGBA_8888
V/AudioManager(  579): shouldVibrate, group: a126d48a-aaef-47c4-baed-7f0e44aeffe5 mode: DEFAULT
I/ActivityThread(  731): Pub call_log: com.android.providers.contacts.CallLogProvider
I/ActivityThread(  731): Pub user_dictionary: com.android.providers.userdictionary.UserDictionaryProvider
I/Adreno200-EGLSUB(  225): <CreateImage:893>: Android Image
I/Adreno200-EGLSUB(  225): <GetImageAttributes:1102>: RGBA_8888
E/OMXCodec(  228): Attempting to allocate OMX node 'OMX.google.vorbis.decoder'
E/OMXCodec(  228): Successfully allocated OMX node 'OMX.google.vorbis.decoder'
E/AwesomePlayer(  228): AudioPlayer created, Non-LPA mode mime audio/vorbis duration 108140
V/OtaStartupReceiver(  663): onReceive: intent action=android.intent.action.BOOT_COMPLETED  mOtaspMode=-1
D/OtaStartupReceiver(  663): OTASP not supported, nothing to do.
I/ActivityManager(  437): Start proc com.bel.android.dspmanager for broadcast com.bel.android.dspmanager/.receiver.BootCompletedReceiver: pid=815 uid=10011 gids={3002}
D/Bluetooth HSHFP(  663): Starting BluetoothHeadsetService
D/dalvikvm(  226): GC_EXPLICIT freed 33K, 83% free 2138K/12288K, paused 1ms+22ms
E/DefaultVoicemailNotifier(  704): No voicemails to notify about: clear the notification.
D/dalvikvm(  226): GC_EXPLICIT freed <1K, 83% free 2138K/12288K, paused 1ms+2ms
I/HeadsetService(  815): Starting service.
D/libEGL  (  674): loaded /system/lib/egl/libGLES_android.so
D/libEGL  (  674): loaded /system/lib/egl/libEGL_adreno200.so
D/libEGL  (  674): loaded /system/lib/egl/libGLESv1_CM_adreno200.so
D/libEGL  (  674): loaded /system/lib/egl/libGLESv2_adreno200.so
I/Adreno200-EGLSUB(  225): <CreateImage:893>: Android Image
I/Adreno200-EGLSUB(  225): <GetImageAttributes:1102>: RGBA_8888
I/RecoverySystem(  437): Deleted: /cache/recovery/log
D/dalvikvm(  226): GC_EXPLICIT freed <1K, 83% free 2138K/12288K, paused 4ms+3ms
I/Process (  437): Sending signal. PID: 674 SIG: 3
I/dalvikvm(  674): threadid=3: reacting to signal 3
I/ActivityManager(  437): Start proc com.android.providers.calendar for broadcast com.android.providers.calendar/.CalendarReceiver: pid=832 uid=10008 gids={3003, 1015}
I/dalvikvm(  674): Wrote stack traces to '/data/anr/traces.txt'
I/Adreno200-EGLSUB(  674): <ConfigWindowMatch:2078>: Format RGBA_8888.
E/        (  674): Can't open file for reading
E/        (  674): Can't open file for reading
D/OpenGLRenderer(  674): Enabling debug mode 0
I/Adreno200-EGLSUB(  225): <CreateImage:893>: Android Image
I/Adreno200-EGLSUB(  225): <GetImageAttributes:1102>: RGBA_8888
D/libEGL  (  579): loaded /system/lib/egl/libGLES_android.so
I/ActivityThread(  832): Pub com.android.calendar: com.android.providers.calendar.CalendarProvider2
D/libEGL  (  579): loaded /system/lib/egl/libEGL_adreno200.so
D/dalvikvm(  579): GC_CONCURRENT freed 4183K, 41% free 11541K/19523K, paused 1ms+2ms
D/libEGL  (  579): loaded /system/lib/egl/libGLESv1_CM_adreno200.so
D/libEGL  (  579): loaded /system/lib/egl/libGLESv2_adreno200.so
I/Adreno200-EGLSUB(  579): <ConfigWindowMatch:2089>: Format RGBX_8888.
E/        (  579): Can't open file for reading
E/        (  579): Can't open file for reading
I/Adreno200-EGLSUB(  225): <CreateImage:893>: Android Image
I/Adreno200-EGLSUB(  225): <GetImageAttributes:1102>: RGBA_8888
I/Adreno200-EGLSUB(  225): <CreateImage:893>: Android Image
I/Adreno200-EGLSUB(  225): <GetImageAttributes:1102>: RGBA_8888
I/Adreno200-EGLSUB(  225): <CreateImage:893>: Android Image
I/Adreno200-EGLSUB(  225): <GetImageAttributes:1158>: RGBX_8888
I/ActivityManager(  437): Start proc com.android.deskclock for broadcast com.android.deskclock/.AlarmInitReceiver: pid=850 uid=10013 gids={}
I/Adreno200-EGLSUB(  225): <CreateImage:893>: Android Image
I/Adreno200-EGLSUB(  225): <GetImageAttributes:1088>: RGB_565
I/SurfaceFlinger(  225): Boot is finished (8295 ms)
I/ActivityThread(  850): Pub com.android.deskclock: com.android.deskclock.AlarmProvider
I/Adreno200-EGLSUB(  579): <ConfigWindowMatch:2078>: Format RGBA_8888.
E/        (  579): Can't open file for reading
E/        (  579): Can't open file for reading
D/OpenGLRenderer(  579): Enabling debug mode 0
I/Adreno200-EGLSUB(  225): <CreateImage:893>: Android Image
I/Adreno200-EGLSUB(  225): <GetImageAttributes:1088>: RGB_565
V/AlarmClock(  850): AlarmInitReceiver finished
I/Adreno200-EGLSUB(  225): <CreateImage:893>: Android Image
I/Adreno200-EGLSUB(  225): <GetImageAttributes:1102>: RGBA_8888
I/Adreno200-EGLSUB(  225): <CreateImage:893>: Android Image
I/Adreno200-EGLSUB(  225): <GetImageAttributes:1102>: RGBA_8888
I/Adreno200-EGLSUB(  225): <CreateImage:893>: Android Image
I/Adreno200-EGLSUB(  225): <GetImageAttributes:1102>: RGBA_8888
I/CalendarProvider2(  832): Sending notification intent: Intent { act=android.intent.action.PROVIDER_CHANGED dat=content://com.android.calendar }
W/ContentResolver(  832): Failed to get type for: content://com.android.calendar (Unknown URL content://com.android.calendar)
I/rmt_storage(  240): wakelock acquired: 0, err no: 110
I/rmt_storage(  240): unblock rmt_storage client thread 27090816
D/QMI_FW  (  240): QCSI: QMI_CSI_RX: cntl_flag - 00, txn_id - 0001, msg_id - 0003, msg_len - 002b
D/QMI_FW  (  240): QCSI: xport_handle_event[19]
I/rmt_storage(  240): rmt_storage fop(1): bytes transferred = 3145216
I/rmt_storage(  240): rmt_storage fop(1): bytes transferred = 512
I/rmt_storage(  240): About to block rmt_storage client thread(27090816), wakelock : 0, err no: 0
D/QMI_FW  (  240): QCSI: QMI_CSI_TX: cntl_flag - 02, txn_id - 0001, msg_id - 0003, msg_len - 0007
D/QMI_FW  (  240): QCSI: Sent[19]: 14 bytes to port 2816
D/QMI_FW  (  240): QCSI: Received REMOVE_CLIENT cmd for 00000000:0000000b
I/Adreno200-EGLSUB(  225): <CreateImage:893>: Android Image
I/Adreno200-EGLSUB(  225): <GetImageAttributes:1102>: RGBA_8888
D/AlarmManagerService(  437): Kernel timezone updated to 0 minutes west of GMT
D/SystemClock(  663): Setting time of day to sec=1341579764
W/SystemClock(  663): Unable to set rtc to 1341579764: Invalid argument
